sqlite> .schema
CREATE TABLE schools_table (
    id INTEGER PRIMARY KEY,
    name TEXT NOT NULL
);
CREATE TABLE students_table (
    id INTEGER PRIMARY KEY,
    name TEXT NOT NULL,
    school_id INTEGER
);
CREATE TABLE doctors_table (
    id INTEGER PRIMARY KEY,
    name TEXT NOT NULL,
    specialty TEXT NOT NULL
);
CREATE TABLE patients_table (
    id INTEGER PRIMARY KEY,
    name TEXT NOT NULL
);
CREATE TABLE appointments_table (
    id INTEGER PRIMARY KEY,
    time TEXT,
    doctor_id INTEGER,
    patient_id INTEGER,
    chart_id INTEGER
);
CREATE TABLE charts_table (
    id INTEGER PRIMARY KEY,
    patient_info TEXT,
    doctor_notes TEXT
);
sqlite> SELECT * FROM patients;
Error: in prepare, no such table: patients (1)
sqlite> SELECT * FROM patients_table;
1|Remy
2|Sakib
3|Nicole's Sister
sqlite> SELECT * FROM appointments_table;
1|the past / future?|3|2|
2|the present|1|3|
3|tomorrow|1|2|
4|wednesday|2|1|
5|yesterday|3|2|
sqlite> .headers on
sqlite> .mode columns
sqlite> SELECT appointments_table.id, appointments_table.time, patients_table.name, doctors_table.name, doctors_table.specialty
   ...> FROM appointments_table
   ...> LEFT JOIN patients_table ON patients_table.id = appointments_table.patient_id
   ...> LEFT JOIN doctors_table ON doctors_table.id = appointments_table.doctor_id;
id  time                name             name     specialty                 
--  ------------------  ---------------  -------  --------------------------
1   the past / future?  Sakib            Who      time travel / the universe
2   the present         Nicole's Sister  Strange  neurosurgery              
3   tomorrow            Sakib            Strange  neurosurgery              
4   wednesday           Remy             Phil     psychology                
5   yesterday           Sakib            Who      time travel / the universe